Name                                                                      Stmts   Miss  Cover
---------------------------------------------------------------------------------------------
elsalnet\__init__.py                                                          0      0   100%
elsalnet\admin.py                                                            21      5    76%
elsalnet\apps.py                                                              4      0   100%
elsalnet\migrations\0001_initial.py                                           7      0   100%
elsalnet\migrations\0002_company_company_type_alter_company_supplier.py       5      0   100%
elsalnet\migrations\__init__.py                                               0      0   100%
elsalnet\models.py                                                           51      7    86%
elsalnet\serializers.py                                                      18      6    67%
elsalnet\tests.py                                                            30      0   100%
elsalnet\urls.py                                                              7      0   100%
elsalnet\views.py                                                            15      0   100%
---------------------------------------------------------------------------------------------
TOTAL                                                                       158     18    89%
